../Core/Src/main.c:126:7:replaceCharsWithAsterisks	24	static
../Core/Src/main.c:145:5:main	8	static
../Core/Src/main.c:250:6:SystemClock_Config	88	static
../Core/Src/main.c:298:13:MX_I2C1_Init	8	static
../Core/Src/main.c:332:13:MX_USART2_UART_Init	8	static
../Core/Src/main.c:365:13:MX_GPIO_Init	48	static
../Core/Src/main.c:438:6:StartDefaultTask	16	static
../Core/Src/main.c:456:6:StartTaskKeypad	16	static
../Core/Src/main.c:508:6:StartTaskDisplay	24	static
../Core/Src/main.c:541:6:StartTaskLED	16	static
../Core/Src/main.c:569:6:StartTaskBuzzer	64	static
../Core/Src/main.c:599:6:StartTaskPIR	88	static
../Core/Src/main.c:641:6:HAL_TIM_PeriodElapsedCallback	16	static
../Core/Src/main.c:658:6:Error_Handler	4	static,ignoring_inline_asm
