Archive member included to satisfy reference by file (symbol)

C:/ST/STM32CubeIDE_1.14.1/STM32CubeIDE/plugins/com.st.stm32cube.ide.mcu.externaltools.gnu-tools-for-stm32.11.3.rel1.win32_1.1.100.202309141235/tools/bin/../lib/gcc/arm-none-eabi/11.3.1/../../../../arm-none-eabi/lib/thumb/v7e-m+fp/hard\libc_nano.a(libc_a-exit.o)
                              C:/ST/STM32CubeIDE_1.14.1/STM32CubeIDE/plugins/com.st.stm32cube.ide.mcu.externaltools.gnu-tools-for-stm32.11.3.rel1.win32_1.1.100.202309141235/tools/bin/../lib/gcc/arm-none-eabi/11.3.1/../../../../arm-none-eabi/lib/thumb/v7e-m+fp/hard/crt0.o (exit)
C:/ST/STM32CubeIDE_1.14.1/STM32CubeIDE/plugins/com.st.stm32cube.ide.mcu.externaltools.gnu-tools-for-stm32.11.3.rel1.win32_1.1.100.202309141235/tools/bin/../lib/gcc/arm-none-eabi/11.3.1/../../../../arm-none-eabi/lib/thumb/v7e-m+fp/hard\libc_nano.a(libc_a-findfp.o)
                              C:/ST/STM32CubeIDE_1.14.1/STM32CubeIDE/plugins/com.st.stm32cube.ide.mcu.externaltools.gnu-tools-for-stm32.11.3.rel1.win32_1.1.100.202309141235/tools/bin/../lib/gcc/arm-none-eabi/11.3.1/../../../../arm-none-eabi/lib/thumb/v7e-m+fp/hard\libc_nano.a(libc_a-exit.o) (__stdio_exit_handler)
C:/ST/STM32CubeIDE_1.14.1/STM32CubeIDE/plugins/com.st.stm32cube.ide.mcu.externaltools.gnu-tools-for-stm32.11.3.rel1.win32_1.1.100.202309141235/tools/bin/../lib/gcc/arm-none-eabi/11.3.1/../../../../arm-none-eabi/lib/thumb/v7e-m+fp/hard\libc_nano.a(libc_a-fwalk.o)
                              C:/ST/STM32CubeIDE_1.14.1/STM32CubeIDE/plugins/com.st.stm32cube.ide.mcu.externaltools.gnu-tools-for-stm32.11.3.rel1.win32_1.1.100.202309141235/tools/bin/../lib/gcc/arm-none-eabi/11.3.1/../../../../arm-none-eabi/lib/thumb/v7e-m+fp/hard\libc_nano.a(libc_a-findfp.o) (_fwalk_sglue)
C:/ST/STM32CubeIDE_1.14.1/STM32CubeIDE/plugins/com.st.stm32cube.ide.mcu.externaltools.gnu-tools-for-stm32.11.3.rel1.win32_1.1.100.202309141235/tools/bin/../lib/gcc/arm-none-eabi/11.3.1/../../../../arm-none-eabi/lib/thumb/v7e-m+fp/hard\libc_nano.a(libc_a-stdio.o)
                              C:/ST/STM32CubeIDE_1.14.1/STM32CubeIDE/plugins/com.st.stm32cube.ide.mcu.externaltools.gnu-tools-for-stm32.11.3.rel1.win32_1.1.100.202309141235/tools/bin/../lib/gcc/arm-none-eabi/11.3.1/../../../../arm-none-eabi/lib/thumb/v7e-m+fp/hard\libc_nano.a(libc_a-findfp.o) (__sread)
C:/ST/STM32CubeIDE_1.14.1/STM32CubeIDE/plugins/com.st.stm32cube.ide.mcu.externaltools.gnu-tools-for-stm32.11.3.rel1.win32_1.1.100.202309141235/tools/bin/../lib/gcc/arm-none-eabi/11.3.1/../../../../arm-none-eabi/lib/thumb/v7e-m+fp/hard\libc_nano.a(libc_a-memset.o)
                              C:/ST/STM32CubeIDE_1.14.1/STM32CubeIDE/plugins/com.st.stm32cube.ide.mcu.externaltools.gnu-tools-for-stm32.11.3.rel1.win32_1.1.100.202309141235/tools/bin/../lib/gcc/arm-none-eabi/11.3.1/../../../../arm-none-eabi/lib/thumb/v7e-m+fp/hard/crt0.o (memset)
C:/ST/STM32CubeIDE_1.14.1/STM32CubeIDE/plugins/com.st.stm32cube.ide.mcu.externaltools.gnu-tools-for-stm32.11.3.rel1.win32_1.1.100.202309141235/tools/bin/../lib/gcc/arm-none-eabi/11.3.1/../../../../arm-none-eabi/lib/thumb/v7e-m+fp/hard\libc_nano.a(libc_a-closer.o)
                              C:/ST/STM32CubeIDE_1.14.1/STM32CubeIDE/plugins/com.st.stm32cube.ide.mcu.externaltools.gnu-tools-for-stm32.11.3.rel1.win32_1.1.100.202309141235/tools/bin/../lib/gcc/arm-none-eabi/11.3.1/../../../../arm-none-eabi/lib/thumb/v7e-m+fp/hard\libc_nano.a(libc_a-stdio.o) (_close_r)
C:/ST/STM32CubeIDE_1.14.1/STM32CubeIDE/plugins/com.st.stm32cube.ide.mcu.externaltools.gnu-tools-for-stm32.11.3.rel1.win32_1.1.100.202309141235/tools/bin/../lib/gcc/arm-none-eabi/11.3.1/../../../../arm-none-eabi/lib/thumb/v7e-m+fp/hard\libc_nano.a(libc_a-reent.o)
                              C:/ST/STM32CubeIDE_1.14.1/STM32CubeIDE/plugins/com.st.stm32cube.ide.mcu.externaltools.gnu-tools-for-stm32.11.3.rel1.win32_1.1.100.202309141235/tools/bin/../lib/gcc/arm-none-eabi/11.3.1/../../../../arm-none-eabi/lib/thumb/v7e-m+fp/hard\libc_nano.a(libc_a-closer.o) (errno)
C:/ST/STM32CubeIDE_1.14.1/STM32CubeIDE/plugins/com.st.stm32cube.ide.mcu.externaltools.gnu-tools-for-stm32.11.3.rel1.win32_1.1.100.202309141235/tools/bin/../lib/gcc/arm-none-eabi/11.3.1/../../../../arm-none-eabi/lib/thumb/v7e-m+fp/hard\libc_nano.a(libc_a-impure.o)
                              C:/ST/STM32CubeIDE_1.14.1/STM32CubeIDE/plugins/com.st.stm32cube.ide.mcu.externaltools.gnu-tools-for-stm32.11.3.rel1.win32_1.1.100.202309141235/tools/bin/../lib/gcc/arm-none-eabi/11.3.1/../../../../arm-none-eabi/lib/thumb/v7e-m+fp/hard\libc_nano.a(libc_a-reent.o) (_impure_ptr)
C:/ST/STM32CubeIDE_1.14.1/STM32CubeIDE/plugins/com.st.stm32cube.ide.mcu.externaltools.gnu-tools-for-stm32.11.3.rel1.win32_1.1.100.202309141235/tools/bin/../lib/gcc/arm-none-eabi/11.3.1/../../../../arm-none-eabi/lib/thumb/v7e-m+fp/hard\libc_nano.a(libc_a-lseekr.o)
[...]
Memory Configuration

Name             Origin             Length             Attributes
RAM              0x0000000020000000 0x0000000000020000 xrw
FLASH            0x0000000008000000 0x0000000000080000 xr
*default*        0x0000000000000000 0xffffffffffffffff

Linker script and memory map

LOAD C:/ST/STM32CubeIDE_1.14.1/STM32CubeIDE/plugins/com.st.stm32cube.ide.mcu.externaltools.gnu-tools-for-stm32.11.3.rel1.win32_1.1.100.202309141235/tools/bin/../lib/gcc/arm-none-eabi/11.3.1/thumb/v7e-m+fp/hard/crti.o
LOAD C:/ST/STM32CubeIDE_1.14.1/STM32CubeIDE/plugins/com.st.stm32cube.ide.mcu.externaltools.gnu-tools-for-stm32.11.3.rel1.win32_1.1.100.202309141235/tools/bin/../lib/gcc/arm-none-eabi/11.3.1/thumb/v7e-m+fp/hard/crtbegin.o
LOAD C:/ST/STM32CubeIDE_1.14.1/STM32CubeIDE/plugins/com.st.stm32cube.ide.mcu.externaltools.gnu-tools-for-stm32.11.3.rel1.win32_1.1.100.202309141235/tools/bin/../lib/gcc/arm-none-eabi/11.3.1/../../../../arm-none-eabi/lib/thumb/v7e-m+fp/hard/crt0.o
LOAD ./Core/Src/Keypad4X4.o
LOAD ./Core/Src/fonts.o
LOAD ./Core/Src/main.o
LOAD ./Core/Src/ssd1306.o
LOAD ./Core/Src/stm32f4xx_hal_msp.o
LOAD ./Core/Src/stm32f4xx_hal_timebase_tim.o
LOAD ./Core/Src/stm32f4xx_it.o
LOAD ./Core/Src/syscalls.o
LOAD ./Core/Src/sysmem.o
LOAD ./Core/Src/system_stm32f4xx.o
LOAD ./Core/Startup/startup_stm32f446retx.o
LOAD ./Drivers/STM32F4xx_HAL_Driver/Src/stm32f4xx_hal.o
LOAD ./Drivers/STM32F4xx_HAL_Driver/Src/stm32f4xx_hal_cortex.o
LOAD ./Drivers/STM32F4xx_HAL_Driver/Src/stm32f4xx_hal_dma.o
LOAD ./Drivers/STM32F4xx_HAL_Driver/Src/stm32f4xx_hal_dma_ex.o
LOAD ./Drivers/STM32F4xx_HAL_Driver/Src/stm32f4xx_hal_exti.o
LOAD ./Drivers/STM32F4xx_HAL_Driver/Src/stm32f4xx_hal_flash.o
LOAD ./Drivers/STM32F4xx_HAL_Driver/Src/stm32f4xx_hal_flash_ex.o
LOAD ./Drivers/STM32F4xx_HAL_Driver/Src/stm32f4xx_hal_flash_ramfunc.o
LOAD ./Drivers/STM32F4xx_HAL_Driver/Src/stm32f4xx_hal_gpio.o
LOAD ./Drivers/STM32F4xx_HAL_Driver/Src/stm32f4xx_hal_i2c.o
LOAD ./Drivers/STM32F4xx_HAL_Driver/Src/stm32f4xx_hal_i2c_ex.o
LOAD ./Drivers/STM32F4xx_HAL_Driver/Src/stm32f4xx_hal_pwr.o
LOAD ./Drivers/STM32F4xx_HAL_Driver/Src/stm32f4xx_hal_pwr_ex.o
LOAD ./Drivers/STM32F4xx_HAL_Driver/Src/stm32f4xx_hal_rcc.o
LOAD ./Drivers/STM32F4xx_HAL_Driver/Src/stm32f4xx_hal_rcc_ex.o
LOAD ./Drivers/STM32F4xx_HAL_Driver/Src/stm32f4xx_hal_tim.o
LOAD ./Drivers/STM32F4xx_HAL_Driver/Src/stm32f4xx_hal_tim_ex.o
LOAD ./Drivers/STM32F4xx_HAL_Driver/Src/stm32f4xx_hal_uart.o
START GROUP
LOAD C:/ST/STM32CubeIDE_1.14.1/STM32CubeIDE/plugins/com.st.stm32cube.ide.mcu.externaltools.gnu-tools-for-stm32.11.3.rel1.win32_1.1.100.202309141235/tools/bin/../lib/gcc/arm-none-eabi/11.3.1/../../../../arm-none-eabi/lib/thumb/v7e-m+fp/hard\libc_nano.a
LOAD C:/ST/STM32CubeIDE_1.14.1/STM32CubeIDE/plugins/com.st.stm32cube.ide.mcu.externaltools.gnu-tools-for-stm32.11.3.rel1.win32_1.1.100.202309141235/tools/bin/../lib/gcc/arm-none-eabi/11.3.1/../../../../arm-none-eabi/lib/thumb/v7e-m+fp/hard\libm.a
END GROUP
START GROUP
LOAD C:/ST/STM32CubeIDE_1.14.1/STM32CubeIDE/plugins/com.st.stm32cube.ide.mcu.externaltools.gnu-tools-for-stm32.11.3.rel1.win32_1.1.100.202309141235/tools/bin/../lib/gcc/arm-none-eabi/11.3.1/thumb/v7e-m+fp/hard\libgcc.a
LOAD C:/ST/STM32CubeIDE_1.14.1/STM32CubeIDE/plugins/com.st.stm32cube.ide.mcu.externaltools.gnu-tools-for-stm32.11.3.rel1.win32_1.1.100.202309141235/tools/bin/../lib/gcc/arm-none-eabi/11.3.1/../../../../arm-none-eabi/lib/thumb/v7e-m+fp/hard\libc_nano.a
END GROUP
START GROUP
LOAD C:/ST/STM32CubeIDE_1.14.1/STM32CubeIDE/plugins/com.st.stm32cube.ide.mcu.externaltools.gnu-tools-for-stm32.11.3.rel1.win32_1.1.100.202309141235/tools/bin/../lib/gcc/arm-none-eabi/11.3.1/thumb/v7e-m+fp/hard\libgcc.a
LOAD C:/ST/STM32CubeIDE_1.14.1/STM32CubeIDE/plugins/com.st.stm32cube.ide.mcu.externaltools.gnu-tools-for-stm32.11.3.rel1.win32_1.1.100.202309141235/tools/bin/../lib/gcc/arm-none-eabi/11.3.1/../../../../arm-none-eabi/lib/thumb/v7e-m+fp/hard\libc_nano.a
LOAD C:/ST/STM32CubeIDE_1.14.1/STM32CubeIDE/plugins/com.st.stm32cube.ide.mcu.externaltools.gnu-tools-for-stm32.11.3.rel1.win32_1.1.100.202309141235/tools/bin/../lib/gcc/arm-none-eabi/11.3.1/../../../../arm-none-eabi/lib/thumb/v7e-m+fp/hard\libnosys.a
END GROUP
START GROUP
LOAD C:/ST/STM32CubeIDE_1.14.1/STM32CubeIDE/plugins/com.st.stm32cube.ide.mcu.externaltools.gnu-tools-for-stm32.11.3.rel1.win32_1.1.100.202309141235/tools/bin/../lib/gcc/arm-none-eabi/11.3.1/thumb/v7e-m+fp/hard\libgcc.a
LOAD C:/ST/STM32CubeIDE_1.14.1/STM32CubeIDE/plugins/com.st.stm32cube.ide.mcu.externaltools.gnu-tools-for-stm32.11.3.rel1.win32_1.1.100.202309141235/tools/bin/../lib/gcc/arm-none-eabi/11.3.1/../../../../arm-none-eabi/lib/thumb/v7e-m+fp/hard\libc_nano.a
LOAD C:/ST/STM32CubeIDE_1.14.1/STM32CubeIDE/plugins/com.st.stm32cube.ide.mcu.externaltools.gnu-tools-for-stm32.11.3.rel1.win32_1.1.100.202309141235/tools/bin/../lib/gcc/arm-none-eabi/11.3.1/../../../../arm-none-eabi/lib/thumb/v7e-m+fp/hard\libnosys.a
END GROUP
LOAD C:/ST/STM32CubeIDE_1.14.1/STM32CubeIDE/plugins/com.st.stm32cube.ide.mcu.externaltools.gnu-tools-for-stm32.11.3.rel1.win32_1.1.100.202309141235/tools/bin/../lib/gcc/arm-none-eabi/11.3.1/thumb/v7e-m+fp/hard/crtend.o
LOAD C:/ST/STM32CubeIDE_1.14.1/STM32CubeIDE/plugins/com.st.stm32cube.ide.mcu.externaltools.gnu-tools-for-stm32.11.3.rel1.win32_1.1.100.202309141235/tools/bin/../lib/gcc/arm-none-eabi/11.3.1/thumb/v7e-m+fp/hard/crtn.o
                0x0000000020020000                _estack = (ORIGIN (RAM) + LENGTH (RAM))
                0x0000000000000200                _Min_Heap_Size = 0x200
                0x0000000000000400                _Min_Stack_Size = 0x400

.isr_vector     0x0000000008000000      0x1c4
                0x0000000008000000                . = ALIGN (0x4)
 *(.isr_vector)
 .isr_vector    0x0000000008000000      0x1c4 ./Core/Startup/startup_stm32f446retx.o
                0x0000000008000000                g_pfnVectors
                0x00000000080001c4                . = ALIGN (0x4)

.text           0x00000000080001c4     0x3fe0
                0x00000000080001c4                . = ALIGN (0x4)
 *(.text)
 .text          0x00000000080001c4       0x40 C:/ST/STM32CubeIDE_1.14.1/STM32CubeIDE/plugins/com.st.stm32cube.ide.mcu.externaltools.gnu-tools-for-stm32.11.3.rel1.win32_1.1.100.202309141235/tools/bin/../lib/gcc/arm-none-eabi/11.3.1/thumb/v7e-m+fp/hard/crtbegin.o
 .text          0x0000000008000204       0x14 C:/ST/STM32CubeIDE_1.14.1/STM32CubeIDE/plugins/com.st.stm32cube.ide.mcu.externaltools.gnu-tools-for-stm32.11.3.rel1.win32_1.1.100.202309141235/tools/bin/../lib/gcc/arm-none-eabi/11.3.1/../../../../arm-none-eabi/lib/thumb/v7e-m+fp/hard\libc_nano.a(libc_a-strcmp.o)
                0x0000000008000204                strcmp
 .text          0x0000000008000218       0x10 C:/ST/STM32CubeIDE_1.14.1/STM32CubeIDE/plugins/com.st.stm32cube.ide.mcu.externaltools.gnu-tools-for-stm32.11.3.rel1.win32_1.1.100.202309141235/tools/bin/../lib/gcc/arm-none-eabi/11.3.1/../../../../arm-none-eabi/lib/thumb/v7e-m+fp/hard\libc_nano.a(libc_a-strlen.o)
                0x0000000008000218                strlen
 .text          0x0000000008000228       0x30 C:/ST/STM32CubeIDE_1.14.1/STM32CubeIDE/plugins/com.st.stm32cube.ide.mcu.externaltools.gnu-tools-for-stm32.11.3.rel1.win32_1.1.100.202309141235/tools/bin/../lib/gcc/arm-none-eabi/11.3.1/thumb/v7e-m+fp/hard\libgcc.a(_aeabi_uldivmod.o)
                0x0000000008000228                __aeabi_uldivmod
 .text          0x0000000008000258      0x2c8 C:/ST/STM32CubeIDE_1.14.1/STM32CubeIDE/plugins/com.st.stm32cube.ide.mcu.externaltools.gnu-tools-for-stm32.11.3.rel1.win32_1.1.100.202309141235/tools/bin/../lib/gcc/arm-none-eabi/11.3.1/thumb/v7e-m+fp/hard\libgcc.a(_udivmoddi4.o)
                0x0000000008000258                __udivmoddi4
 .text          0x0000000008000520        0x4 C:/ST/STM32CubeIDE_1.14.1/STM32CubeIDE/plugins/com.st.stm32cube.ide.mcu.externaltools.gnu-tools-for-stm32.11.3.rel1.win32_1.1.100.202309141235/tools/bin/../lib/gcc/arm-none-eabi/11.3.1/thumb/v7e-m+fp/hard\libgcc.a(_dvmd_tls.o)
                0x0000000008000520                __aeabi_idiv0
                0x0000000008000520                __aeabi_ldiv0
 *(.text*)
 .text.Get_Key  0x0000000008000524      0x368 ./Core/Src/Keypad4X4.o
                0x0000000008000524                Get_Key
 .text.main     0x000000000800088c      0x170 ./Core/Src/main.o
                0x000000000800088c                main
 .text.SystemClock_Config
                0x00000000080009fc       0xdc ./Core/Src/main.o
                0x00000000080009fc                SystemClock_Config
 .text.MX_I2C1_Init
                0x0000000008000ad8       0x5c ./Core/Src/main.o
 .text.MX_USART2_UART_Init
                0x0000000008000b34       0x54 ./Core/Src/main.o
 .text.MX_GPIO_Init
                0x0000000008000b88      0x138 ./Core/Src/main.o
 .text.HAL_TIM_PeriodElapsedCallback
                0x0000000008000cc0       0x24 ./Core/Src/main.o
                0x0000000008000cc0                HAL_TIM_PeriodElapsedCallback
 .text.Error_Handler
                0x0000000008000ce4        0xa ./Core/Src/main.o
                0x0000000008000ce4                Error_Handler
 *fill*         0x0000000008000cee        0x2 
 .text.SSD1306_Init
                0x0000000008000cf0      0x188 ./Core/Src/ssd1306.o
                0x0000000008000cf0                SSD1306_Init
 .text.SSD1306_UpdateScreen
                0x0000000008000e78       0x5c ./Core/Src/ssd1306.o
                0x0000000008000e78                SSD1306_UpdateScreen
 .text.SSD1306_Fill
                0x0000000008000ed4       0x30 ./Core/Src/ssd1306.o
                0x0000000008000ed4                SSD1306_Fill
 .text.SSD1306_DrawPixel
                0x0000000008000f04       0xc0 ./Core/Src/ssd1306.o
                0x0000000008000f04                SSD1306_DrawPixel
 .text.SSD1306_GotoXY
                0x0000000008000fc4       0x2c ./Core/Src/ssd1306.o
                0x0000000008000fc4                SSD1306_GotoXY
 .text.SSD1306_Putc
                0x0000000008000ff0      0x100 ./Core/Src/ssd1306.o
                0x0000000008000ff0                SSD1306_Putc
 .text.SSD1306_Puts
                0x00000000080010f0       0x4a ./Core/Src/ssd1306.o
                0x00000000080010f0                SSD1306_Puts
 *fill*         0x000000000800113a        0x2 
 .text.ssd1306_I2C_Init
                0x000000000800113c       0x2c ./Core/Src/ssd1306.o
                0x000000000800113c                ssd1306_I2C_Init
 .text.ssd1306_I2C_WriteMulti
                0x0000000008001168       0xcc ./Core/Src/ssd1306.o
                0x0000000008001168                ssd1306_I2C_WriteMulti
 .text.ssd1306_I2C_Write
                0x0000000008001234       0x3c ./Core/Src/ssd1306.o
                0x0000000008001234                ssd1306_I2C_Write
 .text.HAL_MspInit
                0x0000000008001270       0x50 ./Core/Src/stm32f4xx_hal_msp.o
                0x0000000008001270                HAL_MspInit
 .text.HAL_I2C_MspInit
                0x00000000080012c0       0x90 ./Core/Src/stm32f4xx_hal_msp.o
                0x00000000080012c0                HAL_I2C_MspInit
 .text.HAL_UART_MspInit
                0x0000000008001350       0x90 ./Core/Src/stm32f4xx_hal_msp.o
                0x0000000008001350                HAL_UART_MspInit
 .text.HAL_InitTick
                0x00000000080013e0       0xf8 ./Core/Src/stm32f4xx_hal_timebase_tim.o
                0x00000000080013e0                HAL_InitTick
 .text.NMI_Handler
                0x00000000080014d8        0x6 ./Core/Src/stm32f4xx_it.o
                0x00000000080014d8                NMI_Handler
 .text.HardFault_Handler
                0x00000000080014de        0x6 ./Core/Src/stm32f4xx_it.o
                0x00000000080014de                HardFault_Handler
 .text.MemManage_Handler
                0x00000000080014e4        0x6 ./Core/Src/stm32f4xx_it.o
                0x00000000080014e4                MemManage_Handler
 .text.BusFault_Handler
                0x00000000080014ea        0x6 ./Core/Src/stm32f4xx_it.o
                0x00000000080014ea                BusFault_Handler
 .text.UsageFault_Handler
                0x00000000080014f0        0x6 ./Core/Src/stm32f4xx_it.o
                0x00000000080014f0                UsageFault_Handler
 .text.SVC_Handler
                0x00000000080014f6        0xe ./Core/Src/stm32f4xx_it.o
                0x00000000080014f6                SVC_Handler
 .text.DebugMon_Handler
                0x0000000008001504        0xe ./Core/Src/stm32f4xx_it.o
                0x0000000008001504                DebugMon_Handler
 .text.PendSV_Handler
                0x0000000008001512        0xe ./Core/Src/stm32f4xx_it.o
                0x0000000008001512                PendSV_Handler
 .text.SysTick_Handler
                0x0000000008001520        0xe ./Core/Src/stm32f4xx_it.o
                0x0000000008001520                SysTick_Handler
 *fill*         0x000000000800152e        0x2 
 .text.TIM6_DAC_IRQHandler
                0x0000000008001530       0x14 ./Core/Src/stm32f4xx_it.o
                0x0000000008001530                TIM6_DAC_IRQHandler
 .text.SystemInit
                0x0000000008001544       0x24 ./Core/Src/system_stm32f4xx.o
                0x0000000008001544                SystemInit
 .text.Reset_Handler
                0x0000000008001568       0x50 ./Core/Startup/startup_stm32f446retx.o
                0x0000000008001568                Reset_Handler
 .text.Default_Handler
                0x00000000080015b8        0x2 ./Core/Startup/startup_stm32f446retx.o
                0x00000000080015b8                RTC_Alarm_IRQHandler
                0x00000000080015b8                EXTI2_IRQHandler
                0x00000000080015b8                TIM8_CC_IRQHandler
                0x00000000080015b8                FMPI2C1_EV_IRQHandler
                0x00000000080015b8                SPI4_IRQHandler
                0x00000000080015b8                TIM1_CC_IRQHandler
                0x00000000080015b8                DMA2_Stream5_IRQHandler
                0x00000000080015b8                DMA1_Stream5_IRQHandler
                0x00000000080015b8                PVD_IRQHandler
                0x00000000080015b8                SDIO_IRQHandler
                0x00000000080015b8                TAMP_STAMP_IRQHandler
                0x00000000080015b8                CAN2_RX1_IRQHandler
                0x00000000080015b8                EXTI3_IRQHandler
                0x00000000080015b8                TIM8_TRG_COM_TIM14_IRQHandler
                0x00000000080015b8                TIM1_UP_TIM10_IRQHandler
                0x00000000080015b8                TIM8_UP_TIM13_IRQHandler
                0x00000000080015b8                I2C3_ER_IRQHandler
                0x00000000080015b8                EXTI0_IRQHandler
                0x00000000080015b8                I2C2_EV_IRQHandler
                0x00000000080015b8                DMA1_Stream2_IRQHandler
                0x00000000080015b8                CAN1_RX0_IRQHandler
                0x00000000080015b8                FPU_IRQHandler
                0x00000000080015b8                OTG_HS_WKUP_IRQHandler
                0x00000000080015b8                CAN2_SCE_IRQHandler
                0x00000000080015b8                DMA2_Stream2_IRQHandler
                0x00000000080015b8                SPI1_IRQHandler
                0x00000000080015b8                TIM1_BRK_TIM9_IRQHandler
                0x00000000080015b8                DCMI_IRQHandler
                0x00000000080015b8                CAN2_RX0_IRQHandler
                0x00000000080015b8                DMA2_Stream3_IRQHandler
                0x00000000080015b8                SAI2_IRQHandler
                0x00000000080015b8                USART6_IRQHandler
                0x00000000080015b8                USART3_IRQHandler
                0x00000000080015b8                CAN1_RX1_IRQHandler
                0x00000000080015b8                UART5_IRQHandler
                0x00000000080015b8                DMA2_Stream0_IRQHandler
                0x00000000080015b8                TIM4_IRQHandler
                0x00000000080015b8                QUADSPI_IRQHandler
                0x00000000080015b8                I2C1_EV_IRQHandler
                0x00000000080015b8                DMA1_Stream6_IRQHandler
                0x00000000080015b8                DMA1_Stream1_IRQHandler
                0x00000000080015b8                UART4_IRQHandler
                0x00000000080015b8                TIM3_IRQHandler
                0x00000000080015b8                RCC_IRQHandler
                0x00000000080015b8                TIM8_BRK_TIM12_IRQHandler
                0x00000000080015b8                Default_Handler
                0x00000000080015b8                CEC_IRQHandler
                0x00000000080015b8                EXTI15_10_IRQHandler
                0x00000000080015b8                ADC_IRQHandler
                0x00000000080015b8                DMA1_Stream7_IRQHandler
                0x00000000080015b8                TIM7_IRQHandler
                0x00000000080015b8                CAN2_TX_IRQHandler
                0x00000000080015b8                TIM5_IRQHandler
                0x00000000080015b8                DMA2_Stream7_IRQHandler
                0x00000000080015b8                I2C3_EV_IRQHandler
                0x00000000080015b8                EXTI9_5_IRQHandler
                0x00000000080015b8                RTC_WKUP_IRQHandler
                0x00000000080015b8                SPDIF_RX_IRQHandler
                0x00000000080015b8                SPI2_IRQHandler
                0x00000000080015b8                OTG_HS_EP1_IN_IRQHandler
                0x00000000080015b8                DMA1_Stream0_IRQHandler
                0x00000000080015b8                CAN1_TX_IRQHandler
                0x00000000080015b8                FMPI2C1_ER_IRQHandler
                0x00000000080015b8                EXTI4_IRQHandler
                0x00000000080015b8                OTG_HS_EP1_OUT_IRQHandler
                0x00000000080015b8                WWDG_IRQHandler
                0x00000000080015b8                TIM2_IRQHandler
                0x00000000080015b8                OTG_FS_WKUP_IRQHandler
                0x00000000080015b8                TIM1_TRG_COM_TIM11_IRQHandler
                0x00000000080015b8                OTG_HS_IRQHandler
                0x00000000080015b8                EXTI1_IRQHandler
                0x00000000080015b8                USART2_IRQHandler
                0x00000000080015b8                I2C2_ER_IRQHandler
                0x00000000080015b8                DMA2_Stream1_IRQHandler
                0x00000000080015b8                CAN1_SCE_IRQHandler
                0x00000000080015b8                FLASH_IRQHandler
                0x00000000080015b8                DMA2_Stream4_IRQHandler
                0x00000000080015b8                USART1_IRQHandler
                0x00000000080015b8                OTG_FS_IRQHandler
                0x00000000080015b8                SPI3_IRQHandler
                0x00000000080015b8                DMA1_Stream4_IRQHandler
                0x00000000080015b8                I2C1_ER_IRQHandler
                0x00000000080015b8                FMC_IRQHandler
                0x00000000080015b8                DMA2_Stream6_IRQHandler
                0x00000000080015b8                SAI1_IRQHandler
                0x00000000080015b8                DMA1_Stream3_IRQHandler
 *fill*         0x00000000080015ba        0x2 
 .text.HAL_Init
                0x00000000080015bc       0x44 ./Drivers/STM32F4xx_HAL_Driver/Src/stm32f4xx_hal.o
                0x00000000080015bc                HAL_Init
 .text.HAL_IncTick
                0x0000000008001600       0x28 ./Drivers/STM32F4xx_HAL_Driver/Src/stm32f4xx_hal.o
                0x0000000008001600                HAL_IncTick
 .text.HAL_GetTick
                0x0000000008001628       0x18 ./Drivers/STM32F4xx_HAL_Driver/Src/stm32f4xx_hal.o
                0x0000000008001628                HAL_GetTick
 .text.HAL_Delay
                0x0000000008001640       0x48 ./Drivers/STM32F4xx_HAL_Driver/Src/stm32f4xx_hal.o
                0x0000000008001640                HAL_Delay
 .text.__NVIC_SetPriorityGrouping
                0x0000000008001688       0x48 ./Drivers/STM32F4xx_HAL_Driver/Src/stm32f4xx_hal_cortex.o
 .text.__NVIC_GetPriorityGrouping
                0x00000000080016d0       0x1c ./Drivers/STM32F4xx_HAL_Driver/Src/stm32f4xx_hal_cortex.o
 .text.__NVIC_EnableIRQ
                0x00000000080016ec       0x3c ./Drivers/STM32F4xx_HAL_Driver/Src/stm32f4xx_hal_cortex.o
 .text.__NVIC_SetPriority
                0x0000000008001728       0x54 ./Drivers/STM32F4xx_HAL_Driver/Src/stm32f4xx_hal_cortex.o
 .text.NVIC_EncodePriority
                0x000000000800177c       0x66 ./Drivers/STM32F4xx_HAL_Driver/Src/stm32f4xx_hal_cortex.o
 .text.HAL_NVIC_SetPriorityGrouping
                0x00000000080017e2       0x16 ./Drivers/STM32F4xx_HAL_Driver/Src/stm32f4xx_hal_cortex.o
                0x00000000080017e2                HAL_NVIC_SetPriorityGrouping
 .text.HAL_NVIC_SetPriority
                0x00000000080017f8       0x38 ./Drivers/STM32F4xx_HAL_Driver/Src/stm32f4xx_hal_cortex.o
                0x00000000080017f8                HAL_NVIC_SetPriority
 .text.HAL_NVIC_EnableIRQ
                0x0000000008001830       0x1c ./Drivers/STM32F4xx_HAL_Driver/Src/stm32f4xx_hal_cortex.o
                0x0000000008001830                HAL_NVIC_EnableIRQ
 .text.HAL_GPIO_Init
                0x000000000800184c      0x328 ./Drivers/STM32F4xx_HAL_Driver/Src/stm32f4xx_hal_gpio.o
                0x000000000800184c                HAL_GPIO_Init
 .text.HAL_GPIO_ReadPin
                0x0000000008001b74       0x30 ./Drivers/STM32F4xx_HAL_Driver/Src/stm32f4xx_hal_gpio.o
                0x0000000008001b74                HAL_GPIO_ReadPin
 .text.HAL_GPIO_WritePin
                0x0000000008001ba4       0x32 ./Drivers/STM32F4xx_HAL_Driver/Src/stm32f4xx_hal_gpio.o
                0x0000000008001ba4                HAL_GPIO_WritePin
 .text.HAL_GPIO_TogglePin
                0x0000000008001bd6       0x34 ./Drivers/STM32F4xx_HAL_Driver/Src/stm32f4xx_hal_gpio.o
                0x0000000008001bd6                HAL_GPIO_TogglePin
 *fill*         0x0000000008001c0a        0x2 
 .text.HAL_I2C_Init
                0x0000000008001c0c      0x288 ./Drivers/STM32F4xx_HAL_Driver/Src/stm32f4xx_hal_i2c.o
                0x0000000008001c0c                HAL_I2C_Init
 .text.HAL_I2C_Master_Transmit
                0x0000000008001e94      0x1fc ./Drivers/STM32F4xx_HAL_Driver/Src/stm32f4xx_hal_i2c.o
                0x0000000008001e94                HAL_I2C_Master_Transmit
 .text.HAL_I2C_IsDeviceReady
                0x0000000008002090      0x25c ./Drivers/STM32F4xx_HAL_Driver/Src/stm32f4xx_hal_i2c.o
                0x0000000008002090                HAL_I2C_IsDeviceReady
 .text.I2C_MasterRequestWrite
                0x00000000080022ec      0x104 ./Drivers/STM32F4xx_HAL_Driver/Src/stm32f4xx_hal_i2c.o
 .text.I2C_WaitOnFlagUntilTimeout
                0x00000000080023f0       0xf4 ./Drivers/STM32F4xx_HAL_Driver/Src/stm32f4xx_hal_i2c.o
 .text.I2C_WaitOnMasterAddressFlagUntilTimeout
                0x00000000080024e4      0x140 ./Drivers/STM32F4xx_HAL_Driver/Src/stm32f4xx_hal_i2c.o
 .text.I2C_WaitOnTXEFlagUntilTimeout
                0x0000000008002624       0x90 ./Drivers/STM32F4xx_HAL_Driver/Src/stm32f4xx_hal_i2c.o
 .text.I2C_WaitOnBTFFlagUntilTimeout
                0x00000000080026b4       0x90 ./Drivers/STM32F4xx_HAL_Driver/Src/stm32f4xx_hal_i2c.o
 .text.I2C_IsAcknowledgeFailed
                0x0000000008002744       0x5e ./Drivers/STM32F4xx_HAL_Driver/Src/stm32f4xx_hal_i2c.o
 *fill*         0x00000000080027a2        0x2 
 .text.HAL_RCC_ClockConfig
                0x00000000080027a4      0x1cc ./Drivers/STM32F4xx_HAL_Driver/Src/stm32f4xx_hal_rcc.o
                0x00000000080027a4                HAL_RCC_ClockConfig
 .text.HAL_RCC_GetHCLKFreq
                0x0000000008002970       0x18 ./Drivers/STM32F4xx_HAL_Driver/Src/stm32f4xx_hal_rcc.o
                0x0000000008002970                HAL_RCC_GetHCLKFreq
 .text.HAL_RCC_GetPCLK1Freq
                0x0000000008002988       0x28 ./Drivers/STM32F4xx_HAL_Driver/Src/stm32f4xx_hal_rcc.o
                0x0000000008002988                HAL_RCC_GetPCLK1Freq
 .text.HAL_RCC_GetPCLK2Freq
                0x00000000080029b0       0x28 ./Drivers/STM32F4xx_HAL_Driver/Src/stm32f4xx_hal_rcc.o
                0x00000000080029b0                HAL_RCC_GetPCLK2Freq
 .text.HAL_RCC_GetClockConfig
                0x00000000080029d8       0x64 ./Drivers/STM32F4xx_HAL_Driver/Src/stm32f4xx_hal_rcc.o
                0x00000000080029d8                HAL_RCC_GetClockConfig
 .text.HAL_RCC_GetSysClockFreq
                0x0000000008002a3c      0x460 ./Drivers/STM32F4xx_HAL_Driver/Src/stm32f4xx_hal_rcc_ex.o
                0x0000000008002a3c                HAL_RCC_GetSysClockFreq
 .text.HAL_RCC_OscConfig
                0x0000000008002e9c      0x53c ./Drivers/STM32F4xx_HAL_Driver/Src/stm32f4xx_hal_rcc_ex.o
                0x0000000008002e9c                HAL_RCC_OscConfig
 .text.HAL_TIM_Base_Init
                0x00000000080033d8       0x9e ./Drivers/STM32F4xx_HAL_Driver/Src/stm32f4xx_hal_tim.o
                0x00000000080033d8                HAL_TIM_Base_Init
 .text.HAL_TIM_Base_MspInit
                0x0000000008003476       0x14 ./Drivers/STM32F4xx_HAL_Driver/Src/stm32f4xx_hal_tim.o
                0x0000000008003476                HAL_TIM_Base_MspInit
 *fill*         0x000000000800348a        0x2 
 .text.HAL_TIM_Base_Start_IT
                0x000000000800348c       0xe0 ./Drivers/STM32F4xx_HAL_Driver/Src/stm32f4xx_hal_tim.o
                0x000000000800348c                HAL_TIM_Base_Start_IT
 .text.HAL_TIM_IRQHandler
                0x000000000800356c      0x1e0 ./Drivers/STM32F4xx_HAL_Driver/Src/stm32f4xx_hal_tim.o
                0x000000000800356c                HAL_TIM_IRQHandler
 .text.HAL_TIM_OC_DelayElapsedCallback
                0x000000000800374c       0x14 ./Drivers/STM32F4xx_HAL_Driver/Src/stm32f4xx_hal_tim.o
                0x000000000800374c                HAL_TIM_OC_DelayElapsedCallback
 .text.HAL_TIM_IC_CaptureCallback
                0x0000000008003760       0x14 ./Drivers/STM32F4xx_HAL_Driver/Src/stm32f4xx_hal_tim.o
                0x0000000008003760                HAL_TIM_IC_CaptureCallback
 .text.HAL_TIM_PWM_PulseFinishedCallback
                0x0000000008003774       0x14 ./Drivers/STM32F4xx_HAL_Driver/Src/stm32f4xx_hal_tim.o
                0x0000000008003774                HAL_TIM_PWM_PulseFinishedCallback
 .text.HAL_TIM_TriggerCallback
                0x0000000008003788       0x14 ./Drivers/STM32F4xx_HAL_Driver/Src/stm32f4xx_hal_tim.o
                0x0000000008003788                HAL_TIM_TriggerCallback
 .text.TIM_Base_SetConfig
                0x000000000800379c      0x158 ./Drivers/STM32F4xx_HAL_Driver/Src/stm32f4xx_hal_tim.o
                0x000000000800379c                TIM_Base_SetConfig
 .text.HAL_TIMEx_CommutCallback
                0x00000000080038f4       0x14 ./Drivers/STM32F4xx_HAL_Driver/Src/stm32f4xx_hal_tim_ex.o
                0x00000000080038f4                HAL_TIMEx_CommutCallback
 .text.HAL_TIMEx_BreakCallback
                0x0000000008003908       0x14 ./Drivers/STM32F4xx_HAL_Driver/Src/stm32f4xx_hal_tim_ex.o
                0x0000000008003908                HAL_TIMEx_BreakCallback
 .text.HAL_UART_Init
                0x000000000800391c       0xa0 ./Drivers/STM32F4xx_HAL_Driver/Src/stm32f4xx_hal_uart.o
                0x000000000800391c                HAL_UART_Init
 .text.HAL_UART_Transmit
                0x00000000080039bc      0x116 ./Drivers/STM32F4xx_HAL_Driver/Src/stm32f4xx_hal_uart.o
                0x00000000080039bc                HAL_UART_Transmit
 .text.UART_WaitOnFlagUntilTimeout
                0x0000000008003ad2       0xb2 ./Drivers/STM32F4xx_HAL_Driver/Src/stm32f4xx_hal_uart.o
 .text.UART_EndRxTransfer
                0x0000000008003b84       0xc6 ./Drivers/STM32F4xx_HAL_Driver/Src/stm32f4xx_hal_uart.o
 *fill*         0x0000000008003c4a        0x2 
 .text.UART_SetConfig
                0x0000000008003c4c      0x4e8 ./Drivers/STM32F4xx_HAL_Driver/Src/stm32f4xx_hal_uart.o
 .text.memset   0x0000000008004134       0x10 C:/ST/STM32CubeIDE_1.14.1/STM32CubeIDE/plugins/com.st.stm32cube.ide.mcu.externaltools.gnu-tools-for-stm32.11.3.rel1.win32_1.1.100.202309141235/tools/bin/../lib/gcc/arm-none-eabi/11.3.1/../../../../arm-none-eabi/lib/thumb/v7e-m+fp/hard\libc_nano.a(libc_a-memset.o)
                0x0000000008004134                memset
 .text.__libc_init_array
                0x0000000008004144       0x48 C:/ST/STM32CubeIDE_1.14.1/STM32CubeIDE/plugins/com.st.stm32cube.ide.mcu.externaltools.gnu-tools-for-stm32.11.3.rel1.win32_1.1.100.202309141235/tools/bin/../lib/gcc/arm-none-eabi/11.3.1/../../../../arm-none-eabi/lib/thumb/v7e-m+fp/hard\libc_nano.a(libc_a-init.o)
                0x0000000008004144                __libc_init_array
 *(.glue_7)
 .glue_7        0x000000000800418c        0x0 linker stubs
 *(.glue_7t)
 .glue_7t       0x000000000800418c        0x0 linker stubs
 *(.eh_frame)
 .eh_frame      0x000000000800418c        0x0 C:/ST/STM32CubeIDE_1.14.1/STM32CubeIDE/plugins/com.st.stm32cube.ide.mcu.externaltools.gnu-tools-for-stm32.11.3.rel1.win32_1.1.100.202309141235/tools/bin/../lib/gcc/arm-none-eabi/11.3.1/thumb/v7e-m+fp/hard/crtbegin.o
 *(.init)
 .init          0x000000000800418c        0x4 C:/ST/STM32CubeIDE_1.14.1/STM32CubeIDE/plugins/com.st.stm32cube.ide.mcu.externaltools.gnu-tools-for-stm32.11.3.rel1.win32_1.1.100.202309141235/tools/bin/../lib/gcc/arm-none-eabi/11.3.1/thumb/v7e-m+fp/hard/crti.o
                0x000000000800418c                _init
 .init          0x0000000008004190        0x8 C:/ST/STM32CubeIDE_1.14.1/STM32CubeIDE/plugins/com.st.stm32cube.ide.mcu.externaltools.gnu-tools-for-stm32.11.3.rel1.win32_1.1.100.202309141235/tools/bin/../lib/gcc/arm-none-eabi/11.3.1/thumb/v7e-m+fp/hard/crtn.o
 *(.fini)
 .fini          0x0000000008004198        0x4 C:/ST/STM32CubeIDE_1.14.1/STM32CubeIDE/plugins/com.st.stm32cube.ide.mcu.externaltools.gnu-tools-for-stm32.11.3.rel1.win32_1.1.100.202309141235/tools/bin/../lib/gcc/arm-none-eabi/11.3.1/thumb/v7e-m+fp/hard/crti.o
                0x0000000008004198                _fini
 .fini          0x000000000800419c        0x8 C:/ST/STM32CubeIDE_1.14.1/STM32CubeIDE/plugins/com.st.stm32cube.ide.mcu.externaltools.gnu-tools-for-stm32.11.3.rel1.win32_1.1.100.202309141235/tools/bin/../lib/gcc/arm-none-eabi/11.3.1/thumb/v7e-m+fp/hard/crtn.o
                0x00000000080041a4                . = ALIGN (0x4)
                0x00000000080041a4                _etext = .

.vfp11_veneer   0x00000000080041a4        0x0
 .vfp11_veneer  0x00000000080041a4        0x0 linker stubs

.v4_bx          0x00000000080041a4        0x0
 .v4_bx         0x00000000080041a4        0x0 linker stubs

.iplt           0x00000000080041a4        0x0
 .iplt          0x00000000080041a4        0x0 C:/ST/STM32CubeIDE_1.14.1/STM32CubeIDE/plugins/com.st.stm32cube.ide.mcu.externaltools.gnu-tools-for-stm32.11.3.rel1.win32_1.1.100.202309141235/tools/bin/../lib/gcc/arm-none-eabi/11.3.1/thumb/v7e-m+fp/hard/crtbegin.o

.rodata         0x00000000080041a4      0xd9c
                0x00000000080041a4                . = ALIGN (0x4)
 *(.rodata)
 .rodata        0x00000000080041a4       0x26 ./Core/Src/main.o
 *(.rodata*)
 *fill*         0x00000000080041ca        0x2 
 .rodata.Font11x18
                0x00000000080041cc      0xd5c ./Core/Src/fonts.o
                0x00000000080041cc                Font11x18
 .rodata.AHBPrescTable
                0x0000000008004f28       0x10 ./Core/Src/system_stm32f4xx.o
                0x0000000008004f28                AHBPrescTable
 .rodata.APBPrescTable
                0x0000000008004f38        0x8 ./Core/Src/system_stm32f4xx.o
                0x0000000008004f38                APBPrescTable
                0x0000000008004f40                . = ALIGN (0x4)

.ARM.extab      0x0000000008004f40        0x0
                0x0000000008004f40                . = ALIGN (0x4)
 *(.ARM.extab* .gnu.linkonce.armextab.*)
                0x0000000008004f40                . = ALIGN (0x4)

.ARM            0x0000000008004f40        0x8
                0x0000000008004f40                . = ALIGN (0x4)
                0x0000000008004f40                __exidx_start = .
 *(.ARM.exidx*)
 .ARM.exidx     0x0000000008004f40        0x8 C:/ST/STM32CubeIDE_1.14.1/STM32CubeIDE/plugins/com.st.stm32cube.ide.mcu.externaltools.gnu-tools-for-stm32.11.3.rel1.win32_1.1.100.202309141235/tools/bin/../lib/gcc/arm-none-eabi/11.3.1/thumb/v7e-m+fp/hard\libgcc.a(_udivmoddi4.o)
                0x0000000008004f48                __exidx_end = .
                0x0000000008004f48                . = ALIGN (0x4)

.rel.dyn        0x0000000008004f48        0x0
 .rel.iplt      0x0000000008004f48        0x0 C:/ST/STM32CubeIDE_1.14.1/STM32CubeIDE/plugins/com.st.stm32cube.ide.mcu.externaltools.gnu-tools-for-stm32.11.3.rel1.win32_1.1.100.202309141235/tools/bin/../lib/gcc/arm-none-eabi/11.3.1/thumb/v7e-m+fp/hard/crtbegin.o

.preinit_array  0x0000000008004f48        0x0
                0x0000000008004f48                . = ALIGN (0x4)
                0x0000000008004f48                PROVIDE (__preinit_array_start = .)
 *(.preinit_array*)
                0x0000000008004f48                PROVIDE (__preinit_array_end = .)
                0x0000000008004f48                . = ALIGN (0x4)

.init_array     0x0000000008004f48        0x4
                0x0000000008004f48                . = ALIGN (0x4)
                0x0000000008004f48                PROVIDE (__init_array_start = .)
 *(SORT_BY_NAME(.init_array.*))
 *(.init_array*)
 .init_array    0x0000000008004f48        0x4 C:/ST/STM32CubeIDE_1.14.1/STM32CubeIDE/plugins/com.st.stm32cube.ide.mcu.externaltools.gnu-tools-for-stm32.11.3.rel1.win32_1.1.100.202309141235/tools/bin/../lib/gcc/arm-none-eabi/11.3.1/thumb/v7e-m+fp/hard/crtbegin.o
                0x0000000008004f4c                PROVIDE (__init_array_end = .)
                0x0000000008004f4c                . = ALIGN (0x4)

.fini_array     0x0000000008004f4c        0x4
                0x0000000008004f4c                . = ALIGN (0x4)
                [!provide]                        PROVIDE (__fini_array_start = .)
 *(SORT_BY_NAME(.fini_array.*))
 *(.fini_array*)
 .fini_array    0x0000000008004f4c        0x4 C:/ST/STM32CubeIDE_1.14.1/STM32CubeIDE/plugins/com.st.stm32cube.ide.mcu.externaltools.gnu-tools-for-stm32.11.3.rel1.win32_1.1.100.202309141235/tools/bin/../lib/gcc/arm-none-eabi/11.3.1/thumb/v7e-m+fp/hard/crtbegin.o
                [!provide]                        PROVIDE (__fini_array_end = .)
                0x0000000008004f50                . = ALIGN (0x4)
                0x0000000008004f50                _sidata = LOADADDR (.data)

.data           0x0000000020000000       0x14 load address 0x0000000008004f50
                0x0000000020000000                . = ALIGN (0x4)
                0x0000000020000000                _sdata = .
 *(.data)
 *(.data*)
 .data.Font_11x18
                0x0000000020000000        0x8 ./Core/Src/fonts.o
                0x0000000020000000                Font_11x18
 .data.SystemCoreClock
                0x0000000020000008        0x4 ./Core/Src/system_stm32f4xx.o
                0x0000000020000008                SystemCoreClock
 .data.uwTickPrio
                0x000000002000000c        0x4 ./Drivers/STM32F4xx_HAL_Driver/Src/stm32f4xx_hal.o
                0x000000002000000c                uwTickPrio
 .data.uwTickFreq
                0x0000000020000010        0x1 ./Drivers/STM32F4xx_HAL_Driver/Src/stm32f4xx_hal.o
                0x0000000020000010                uwTickFreq
 *(.RamFunc)
 *(.RamFunc*)
                0x0000000020000014                . = ALIGN (0x4)
 *fill*         0x0000000020000011        0x3 
                0x0000000020000014                _edata = .

.igot.plt       0x0000000020000014        0x0 load address 0x0000000008004f64
 .igot.plt      0x0000000020000014        0x0 C:/ST/STM32CubeIDE_1.14.1/STM32CubeIDE/plugins/com.st.stm32cube.ide.mcu.externaltools.gnu-tools-for-stm32.11.3.rel1.win32_1.1.100.202309141235/tools/bin/../lib/gcc/arm-none-eabi/11.3.1/thumb/v7e-m+fp/hard/crtbegin.o
                0x0000000020000014                . = ALIGN (0x4)

.bss            0x0000000020000014      0x518 load address 0x0000000008004f64
                0x0000000020000014                _sbss = .
                0x0000000020000014                __bss_start__ = _sbss
 *(.bss)
 .bss           0x0000000020000014       0x1c C:/ST/STM32CubeIDE_1.14.1/STM32CubeIDE/plugins/com.st.stm32cube.ide.mcu.externaltools.gnu-tools-for-stm32.11.3.rel1.win32_1.1.100.202309141235/tools/bin/../lib/gcc/arm-none-eabi/11.3.1/thumb/v7e-m+fp/hard/crtbegin.o
 *(.bss*)
 .bss.key       0x0000000020000030        0x1 ./Core/Src/Keypad4X4.o
                0x0000000020000030                key
 *fill*         0x0000000020000031        0x3 
 .bss.hi2c1     0x0000000020000034       0x54 ./Core/Src/main.o
                0x0000000020000034                hi2c1
 .bss.huart2    0x0000000020000088       0x48 ./Core/Src/main.o
                0x0000000020000088                huart2
 .bss.hold      0x00000000200000d0        0x7 ./Core/Src/main.o
                0x00000000200000d0                hold
 *fill*         0x00000000200000d7        0x1 
 .bss.SSD1306_Buffer
                0x00000000200000d8      0x400 ./Core/Src/ssd1306.o
 .bss.SSD1306   0x00000000200004d8        0x6 ./Core/Src/ssd1306.o
 *fill*         0x00000000200004de        0x2 
 .bss.htim6     0x00000000200004e0       0x48 ./Core/Src/stm32f4xx_hal_timebase_tim.o
                0x00000000200004e0                htim6
 .bss.uwTick    0x0000000020000528        0x4 ./Drivers/STM32F4xx_HAL_Driver/Src/stm32f4xx_hal.o
                0x0000000020000528                uwTick
 *(COMMON)
                0x000000002000052c                . = ALIGN (0x4)
                0x000000002000052c                _ebss = .
                0x000000002000052c                __bss_end__ = _ebss

._user_heap_stack
                0x000000002000052c      0x604 load address 0x0000000008004f64
                0x0000000020000530                . = ALIGN (0x8)
 *fill*         0x000000002000052c        0x4 
                [!provide]                        PROVIDE (end = .)
                0x0000000020000530                PROVIDE (_end = .)
                0x0000000020000730                . = (. + _Min_Heap_Size)
 *fill*         0x0000000020000530      0x200 
                0x0000000020000b30                . = (. + _Min_Stack_Size)
 *fill*         0x0000000020000730      0x400 
                0x0000000020000b30                . = ALIGN (0x8)

/DISCARD/
 libc.a(*)
 libm.a(*)
 libgcc.a(*)

.ARM.attributes
                0x0000000000000000       0x30
 *(.ARM.attributes)
 .ARM.attributes
                0x0000000000000000       0x1e C:/ST/STM32CubeIDE_1.14.1/STM32CubeIDE/plugins/com.st.stm32cube.ide.mcu.externaltools.gnu-tools-for-stm32.11.3.rel1.win32_1.1.100.202309141235/tools/bin/../lib/gcc/arm-none-eabi/11.3.1/thumb/v7e-m+fp/hard/crti.o
 .ARM.attributes
                0x000000000000001e       0x34 C:/ST/STM32CubeIDE_1.14.1/STM32CubeIDE/plugins/com.st.stm32cube.ide.mcu.externaltools.gnu-tools-for-stm32.11.3.rel1.win32_1.1.100.202309141235/tools/bin/../lib/gcc/arm-none-eabi/11.3.1/thumb/v7e-m+fp/hard/crtbegin.o
 .ARM.attributes
                0x0000000000000052       0x34 ./Core/Src/Keypad4X4.o
 .ARM.attributes
                0x0000000000000086       0x34 ./Core/Src/fonts.o
 .ARM.attributes
                0x00000000000000ba       0x34 ./Core/Src/main.o
 .ARM.attributes
                0x00000000000000ee       0x34 ./Core/Src/ssd1306.o
 .ARM.attributes
                0x0000000000000122       0x34 ./Core/Src/stm32f4xx_hal_msp.o
 .ARM.attributes
                0x0000000000000156       0x34 ./Core/Src/stm32f4xx_hal_timebase_tim.o
 .ARM.attributes
                0x000000000000018a       0x34 ./Core/Src/stm32f4xx_it.o
 .ARM.attributes
                0x00000000000001be       0x34 ./Core/Src/system_stm32f4xx.o
 .ARM.attributes
                0x00000000000001f2       0x21 ./Core/Startup/startup_stm32f446retx.o
 .ARM.attributes
                0x0000000000000213       0x34 ./Drivers/STM32F4xx_HAL_Driver/Src/stm32f4xx_hal.o
 .ARM.attributes
                0x0000000000000247       0x34 ./Drivers/STM32F4xx_HAL_Driver/Src/stm32f4xx_hal_cortex.o
 .ARM.attributes
                0x000000000000027b       0x34 ./Drivers/STM32F4xx_HAL_Driver/Src/stm32f4xx_hal_gpio.o
 .ARM.attributes
                0x00000000000002af       0x34 ./Drivers/STM32F4xx_HAL_Driver/Src/stm32f4xx_hal_i2c.o
 .ARM.attributes
                0x00000000000002e3       0x34 ./Drivers/STM32F4xx_HAL_Driver/Src/stm32f4xx_hal_rcc.o
 .ARM.attributes
                0x0000000000000317       0x34 ./Drivers/STM32F4xx_HAL_Driver/Src/stm32f4xx_hal_rcc_ex.o
 .ARM.attributes
                0x000000000000034b       0x34 ./Drivers/STM32F4xx_HAL_Driver/Src/stm32f4xx_hal_tim.o
 .ARM.attributes
                0x000000000000037f       0x34 ./Drivers/STM32F4xx_HAL_Driver/Src/stm32f4xx_hal_tim_ex.o
 .ARM.attributes
                0x00000000000003b3       0x34 ./Drivers/STM32F4xx_HAL_Driver/Src/stm32f4xx_hal_uart.o
 .ARM.attributes
                0x00000000000003e7       0x34 C:/ST/STM32CubeIDE_1.14.1/STM32CubeIDE/plugins/com.st.stm32cube.ide.mcu.externaltools.gnu-tools-for-stm32.11.3.rel1.win32_1.1.100.202309141235/tools/bin/../lib/gcc/arm-none-eabi/11.3.1/../../../../arm-none-eabi/lib/thumb/v7e-m+fp/hard\libc_nano.a(libc_a-memset.o)
 .ARM.attributes
                0x000000000000041b       0x34 C:/ST/STM32CubeIDE_1.14.1/STM32CubeIDE/plugins/com.st.stm32cube.ide.mcu.externaltools.gnu-tools-for-stm32.11.3.rel1.win32_1.1.100.202309141235/tools/bin/../lib/gcc/arm-none-eabi/11.3.1/../../../../arm-none-eabi/lib/thumb/v7e-m+fp/hard\libc_nano.a(libc_a-init.o)
 .ARM.attributes
                0x000000000000044f       0x1c C:/ST/STM32CubeIDE_1.14.1/STM32CubeIDE/plugins/com.st.stm32cube.ide.mcu.externaltools.gnu-tools-for-stm32.11.3.rel1.win32_1.1.100.202309141235/tools/bin/../lib/gcc/arm-none-eabi/11.3.1/../../../../arm-none-eabi/lib/thumb/v7e-m+fp/hard\libc_nano.a(libc_a-strcmp.o)
 .ARM.attributes
                0x000000000000046b       0x17 C:/ST/STM32CubeIDE_1.14.1/STM32CubeIDE/plugins/com.st.stm32cube.ide.mcu.externaltools.gnu-tools-for-stm32.11.3.rel1.win32_1.1.100.202309141235/tools/bin/../lib/gcc/arm-none-eabi/11.3.1/../../../../arm-none-eabi/lib/thumb/v7e-m+fp/hard\libc_nano.a(libc_a-strlen.o)
 .ARM.attributes
                0x0000000000000482       0x1e C:/ST/STM32CubeIDE_1.14.1/STM32CubeIDE/plugins/com.st.stm32cube.ide.mcu.externaltools.gnu-tools-for-stm32.11.3.rel1.win32_1.1.100.202309141235/tools/bin/../lib/gcc/arm-none-eabi/11.3.1/thumb/v7e-m+fp/hard\libgcc.a(_aeabi_uldivmod.o)
 .ARM.attributes
                0x00000000000004a0       0x34 C:/ST/STM32CubeIDE_1.14.1/STM32CubeIDE/plugins/com.st.stm32cube.ide.mcu.externaltools.gnu-tools-for-stm32.11.3.rel1.win32_1.1.100.202309141235/tools/bin/../lib/gcc/arm-none-eabi/11.3.1/thumb/v7e-m+fp/hard\libgcc.a(_udivmoddi4.o)
 .ARM.attributes
                0x00000000000004d4       0x1e C:/ST/STM32CubeIDE_1.14.1/STM32CubeIDE/plugins/com.st.stm32cube.ide.mcu.externaltools.gnu-tools-for-stm32.11.3.rel1.win32_1.1.100.202309141235/tools/bin/../lib/gcc/arm-none-eabi/11.3.1/thumb/v7e-m+fp/hard\libgcc.a(_dvmd_tls.o)
 .ARM.attributes
                0x00000000000004f2       0x1e C:/ST/STM32CubeIDE_1.14.1/STM32CubeIDE/plugins/com.st.stm32cube.ide.mcu.externaltools.gnu-tools-for-stm32.11.3.rel1.win32_1.1.100.202309141235/tools/bin/../lib/gcc/arm-none-eabi/11.3.1/thumb/v7e-m+fp/hard/crtn.o
OUTPUT(0004_Alarm_Keypad.elf elf32-littlearm)
LOAD linker stubs
LOAD C:/ST/STM32CubeIDE_1.14.1/STM32CubeIDE/plugins/com.st.stm32cube.ide.mcu.externaltools.gnu-tools-for-stm32.11.3.rel1.win32_1.1.100.202309141235/tools/bin/../lib/gcc/arm-none-eabi/11.3.1/../../../../arm-none-eabi/lib/thumb/v7e-m+fp/hard\libc.a
LOAD C:/ST/STM32CubeIDE_1.14.1/STM32CubeIDE/plugins/com.st.stm32cube.ide.mcu.externaltools.gnu-tools-for-stm32.11.3.rel1.win32_1.1.100.202309141235/tools/bin/../lib/gcc/arm-none-eabi/11.3.1/../../../../arm-none-eabi/lib/thumb/v7e-m+fp/hard\libm.a
LOAD C:/ST/STM32CubeIDE_1.14.1/STM32CubeIDE/plugins/com.st.stm32cube.ide.mcu.externaltools.gnu-tools-for-stm32.11.3.rel1.win32_1.1.100.202309141235/tools/bin/../lib/gcc/arm-none-eabi/11.3.1/thumb/v7e-m+fp/hard\libgcc.a

.comment        0x0000000000000000       0x43
 .comment       0x0000000000000000       0x43 C:/ST/STM32CubeIDE_1.14.1/STM32CubeIDE/plugins/com.st.stm32cube.ide.mcu.externaltools.gnu-tools-for-stm32.11.3.rel1.win32_1.1.100.202309141235/tools/bin/../lib/gcc/arm-none-eabi/11.3.1/thumb/v7e-m+fp/hard/crtbegin.o
                                         0x44 (size before relaxing)
 .comment       0x0000000000000043       0x44 ./Core/Src/Keypad4X4.o
 .comment       0x0000000000000043       0x44 ./Core/Src/fonts.o
 .comment       0x0000000000000043       0x44 ./Core/Src/main.o
 .comment       0x0000000000000043       0x44 ./Core/Src/ssd1306.o
 .comment       0x0000000000000043       0x44 ./Core/Src/stm32f4xx_hal_msp.o
 .comment       0x0000000000000043       0x44 ./Core/Src/stm32f4xx_hal_timebase_tim.o
 .comment       0x0000000000000043       0x44 ./Core/Src/stm32f4xx_it.o
 .comment       0x0000000000000043       0x44 ./Core/Src/system_stm32f4xx.o
 .comment       0x0000000000000043       0x44 ./Drivers/STM32F4xx_HAL_Driver/Src/stm32f4xx_hal.o
 .comment       0x0000000000000043       0x44 ./Drivers/STM32F4xx_HAL_Driver/Src/stm32f4xx_hal_cortex.o
 .comment       0x0000000000000043       0x44 ./Drivers/STM32F4xx_HAL_Driver/Src/stm32f4xx_hal_gpio.o
 .comment       0x0000000000000043       0x44 ./Drivers/STM32F4xx_HAL_Driver/Src/stm32f4xx_hal_i2c.o
 .comment       0x0000000000000043       0x44 ./Drivers/STM32F4xx_HAL_Driver/Src/stm32f4xx_hal_rcc.o
 .comment       0x0000000000000043       0x44 ./Drivers/STM32F4xx_HAL_Driver/Src/stm32f4xx_hal_rcc_ex.o
 .comment       0x0000000000000043       0x44 ./Drivers/STM32F4xx_HAL_Driver/Src/stm32f4xx_hal_tim.o
 .comment       0x0000000000000043       0x44 ./Drivers/STM32F4xx_HAL_Driver/Src/stm32f4xx_hal_tim_ex.o
 .comment       0x0000000000000043       0x44 ./Drivers/STM32F4xx_HAL_Driver/Src/stm32f4xx_hal_uart.o

.debug_info     0x0000000000000000    0x1104c
 .debug_info    0x0000000000000000      0x1fc ./Core/Src/Keypad4X4.o
 .debug_info    0x00000000000001fc      0x255 ./Core/Src/fonts.o
 .debug_info    0x0000000000000451     0x145d ./Core/Src/main.o
 .debug_info    0x00000000000018ae     0x1081 ./Core/Src/ssd1306.o
 .debug_info    0x000000000000292f      0xc4c ./Core/Src/stm32f4xx_hal_msp.o
 .debug_info    0x000000000000357b      0xc44 ./Core/Src/stm32f4xx_hal_timebase_tim.o
 .debug_info    0x00000000000041bf      0x6db ./Core/Src/stm32f4xx_it.o
 .debug_info    0x000000000000489a      0x54a ./Core/Src/system_stm32f4xx.o
 .debug_info    0x0000000000004de4       0x23 ./Core/Startup/startup_stm32f446retx.o
 .debug_info    0x0000000000004e07      0x99a ./Drivers/STM32F4xx_HAL_Driver/Src/stm32f4xx_hal.o
 .debug_info    0x00000000000057a1      0xd75 ./Drivers/STM32F4xx_HAL_Driver/Src/stm32f4xx_hal_cortex.o
 .debug_info    0x0000000000006516      0x70b ./Drivers/STM32F4xx_HAL_Driver/Src/stm32f4xx_hal_gpio.o
 .debug_info    0x0000000000006c21     0x2421 ./Drivers/STM32F4xx_HAL_Driver/Src/stm32f4xx_hal_i2c.o
 .debug_info    0x0000000000009042      0x8ed ./Drivers/STM32F4xx_HAL_Driver/Src/stm32f4xx_hal_rcc.o
 .debug_info    0x000000000000992f      0x956 ./Drivers/STM32F4xx_HAL_Driver/Src/stm32f4xx_hal_rcc_ex.o
 .debug_info    0x000000000000a285     0x299d ./Drivers/STM32F4xx_HAL_Driver/Src/stm32f4xx_hal_tim.o
 .debug_info    0x000000000000cc22     0x14db ./Drivers/STM32F4xx_HAL_Driver/Src/stm32f4xx_hal_tim_ex.o
 .debug_info    0x000000000000e0fd     0x2f4f ./Drivers/STM32F4xx_HAL_Driver/Src/stm32f4xx_hal_uart.o

.debug_abbrev   0x0000000000000000     0x2550
 .debug_abbrev  0x0000000000000000      0x131 ./Core/Src/Keypad4X4.o
 .debug_abbrev  0x0000000000000131      0x11c ./Core/Src/fonts.o
 .debug_abbrev  0x000000000000024d      0x311 ./Core/Src/main.o
 .debug_abbrev  0x000000000000055e      0x30d ./Core/Src/ssd1306.o
 .debug_abbrev  0x000000000000086b      0x1c2 ./Core/Src/stm32f4xx_hal_msp.o
 .debug_abbrev  0x0000000000000a2d      0x1f4 ./Core/Src/stm32f4xx_hal_timebase_tim.o
 .debug_abbrev  0x0000000000000c21      0x17d ./Core/Src/stm32f4xx_it.o
 .debug_abbrev  0x0000000000000d9e      0x11a ./Core/Src/system_stm32f4xx.o
 .debug_abbrev  0x0000000000000eb8       0x12 ./Core/Startup/startup_stm32f446retx.o
 .debug_abbrev  0x0000000000000eca      0x214 ./Drivers/STM32F4xx_HAL_Driver/Src/stm32f4xx_hal.o
 .debug_abbrev  0x00000000000010de      0x328 ./Drivers/STM32F4xx_HAL_Driver/Src/stm32f4xx_hal_cortex.o
 .debug_abbrev  0x0000000000001406      0x1d4 ./Drivers/STM32F4xx_HAL_Driver/Src/stm32f4xx_hal_gpio.o
 .debug_abbrev  0x00000000000015da      0x2ad ./Drivers/STM32F4xx_HAL_Driver/Src/stm32f4xx_hal_i2c.o
 .debug_abbrev  0x0000000000001887      0x2b6 ./Drivers/STM32F4xx_HAL_Driver/Src/stm32f4xx_hal_rcc.o
 .debug_abbrev  0x0000000000001b3d      0x20a ./Drivers/STM32F4xx_HAL_Driver/Src/stm32f4xx_hal_rcc_ex.o
 .debug_abbrev  0x0000000000001d47      0x278 ./Drivers/STM32F4xx_HAL_Driver/Src/stm32f4xx_hal_tim.o
 .debug_abbrev  0x0000000000001fbf      0x283 ./Drivers/STM32F4xx_HAL_Driver/Src/stm32f4xx_hal_tim_ex.o
 .debug_abbrev  0x0000000000002242      0x30e ./Drivers/STM32F4xx_HAL_Driver/Src/stm32f4xx_hal_uart.o

.debug_aranges  0x0000000000000000     0x1000
 .debug_aranges
                0x0000000000000000       0x20 ./Core/Src/Keypad4X4.o
 .debug_aranges
                0x0000000000000020       0x20 ./Core/Src/fonts.o
 .debug_aranges
                0x0000000000000040       0x50 ./Core/Src/main.o
 .debug_aranges
                0x0000000000000090       0xf8 ./Core/Src/ssd1306.o
 .debug_aranges
                0x0000000000000188       0x40 ./Core/Src/stm32f4xx_hal_msp.o
 .debug_aranges
                0x00000000000001c8       0x30 ./Core/Src/stm32f4xx_hal_timebase_tim.o
 .debug_aranges
                0x00000000000001f8       0x68 ./Core/Src/stm32f4xx_it.o
 .debug_aranges
                0x0000000000000260       0x28 ./Core/Src/system_stm32f4xx.o
 .debug_aranges
                0x0000000000000288       0x28 ./Core/Startup/startup_stm32f446retx.o
 .debug_aranges
                0x00000000000002b0       0xf0 ./Drivers/STM32F4xx_HAL_Driver/Src/stm32f4xx_hal.o
 .debug_aranges
                0x00000000000003a0      0x120 ./Drivers/STM32F4xx_HAL_Driver/Src/stm32f4xx_hal_cortex.o
 .debug_aranges
                0x00000000000004c0       0x58 ./Drivers/STM32F4xx_HAL_Driver/Src/stm32f4xx_hal_gpio.o
 .debug_aranges
                0x0000000000000518      0x2a8 ./Drivers/STM32F4xx_HAL_Driver/Src/stm32f4xx_hal_i2c.o
 .debug_aranges
                0x00000000000007c0       0x88 ./Drivers/STM32F4xx_HAL_Driver/Src/stm32f4xx_hal_rcc.o
 .debug_aranges
                0x0000000000000848       0x78 ./Drivers/STM32F4xx_HAL_Driver/Src/stm32f4xx_hal_rcc_ex.o
 .debug_aranges
                0x00000000000008c0      0x3d0 ./Drivers/STM32F4xx_HAL_Driver/Src/stm32f4xx_hal_tim.o
 .debug_aranges
                0x0000000000000c90      0x168 ./Drivers/STM32F4xx_HAL_Driver/Src/stm32f4xx_hal_tim_ex.o
 .debug_aranges
                0x0000000000000df8      0x208 ./Drivers/STM32F4xx_HAL_Driver/Src/stm32f4xx_hal_uart.o

.debug_rnglists
                0x0000000000000000      0xca9
 .debug_rnglists
                0x0000000000000000       0x14 ./Core/Src/Keypad4X4.o
 .debug_rnglists
                0x0000000000000014       0x13 ./Core/Src/fonts.o
 .debug_rnglists
                0x0000000000000027       0x3a ./Core/Src/main.o
 .debug_rnglists
                0x0000000000000061       0xc2 ./Core/Src/ssd1306.o
 .debug_rnglists
                0x0000000000000123       0x2d ./Core/Src/stm32f4xx_hal_msp.o
 .debug_rnglists
                0x0000000000000150       0x20 ./Core/Src/stm32f4xx_hal_timebase_tim.o
 .debug_rnglists
                0x0000000000000170       0x49 ./Core/Src/stm32f4xx_it.o
 .debug_rnglists
                0x00000000000001b9       0x1a ./Core/Src/system_stm32f4xx.o
 .debug_rnglists
                0x00000000000001d3       0x19 ./Core/Startup/startup_stm32f446retx.o
 .debug_rnglists
                0x00000000000001ec       0xaf ./Drivers/STM32F4xx_HAL_Driver/Src/stm32f4xx_hal.o
 .debug_rnglists
                0x000000000000029b       0xd4 ./Drivers/STM32F4xx_HAL_Driver/Src/stm32f4xx_hal_cortex.o
 .debug_rnglists
                0x000000000000036f       0x3f ./Drivers/STM32F4xx_HAL_Driver/Src/stm32f4xx_hal_gpio.o
 .debug_rnglists
                0x00000000000003ae      0x23c ./Drivers/STM32F4xx_HAL_Driver/Src/stm32f4xx_hal_i2c.o
 .debug_rnglists
                0x00000000000005ea       0x66 ./Drivers/STM32F4xx_HAL_Driver/Src/stm32f4xx_hal_rcc.o
 .debug_rnglists
                0x0000000000000650       0x5e ./Drivers/STM32F4xx_HAL_Driver/Src/stm32f4xx_hal_rcc_ex.o
 .debug_rnglists
                0x00000000000006ae      0x31a ./Drivers/STM32F4xx_HAL_Driver/Src/stm32f4xx_hal_tim.o
 .debug_rnglists
                0x00000000000009c8      0x125 ./Drivers/STM32F4xx_HAL_Driver/Src/stm32f4xx_hal_tim_ex.o
 .debug_rnglists
                0x0000000000000aed      0x1bc ./Drivers/STM32F4xx_HAL_Driver/Src/stm32f4xx_hal_uart.o

.debug_macro    0x0000000000000000    0x22c1b
 .debug_macro   0x0000000000000000      0x2cf ./Core/Src/Keypad4X4.o
 .debug_macro   0x00000000000002cf      0xaa8 ./Core/Src/Keypad4X4.o
 .debug_macro   0x0000000000000d77      0x2a1 ./Core/Src/Keypad4X4.o
 .debug_macro   0x0000000000001018       0x2e ./Core/Src/Keypad4X4.o
 .debug_macro   0x0000000000001046       0x28 ./Core/Src/Keypad4X4.o
 .debug_macro   0x000000000000106e       0x22 ./Core/Src/Keypad4X4.o
 .debug_macro   0x0000000000001090       0x8e ./Core/Src/Keypad4X4.o
 .debug_macro   0x000000000000111e       0x51 ./Core/Src/Keypad4X4.o
 .debug_macro   0x000000000000116f      0x103 ./Core/Src/Keypad4X4.o
 .debug_macro   0x0000000000001272       0x6a ./Core/Src/Keypad4X4.o
 .debug_macro   0x00000000000012dc      0x1df ./Core/Src/Keypad4X4.o
 .debug_macro   0x00000000000014bb       0x1c ./Core/Src/Keypad4X4.o
 .debug_macro   0x00000000000014d7       0x22 ./Core/Src/Keypad4X4.o
 .debug_macro   0x00000000000014f9       0xfb ./Core/Src/Keypad4X4.o
 .debug_macro   0x00000000000015f4     0x1011 ./Core/Src/Keypad4X4.o
 .debug_macro   0x0000000000002605      0x11f ./Core/Src/Keypad4X4.o
 .debug_macro   0x0000000000002724    0x16749 ./Core/Src/Keypad4X4.o
 .debug_macro   0x0000000000018e6d       0x6d ./Core/Src/Keypad4X4.o
 .debug_macro   0x0000000000018eda     0x368c ./Core/Src/Keypad4X4.o
 .debug_macro   0x000000000001c566      0x174 ./Core/Src/Keypad4X4.o
 .debug_macro   0x000000000001c6da       0x5c ./Core/Src/Keypad4X4.o
 .debug_macro   0x000000000001c736      0xca5 ./Core/Src/Keypad4X4.o
 .debug_macro   0x000000000001d3db      0x9e9 ./Core/Src/Keypad4X4.o
 .debug_macro   0x000000000001ddc4      0x115 ./Core/Src/Keypad4X4.o
 .debug_macro   0x000000000001ded9      0x1a0 ./Core/Src/Keypad4X4.o
 .debug_macro   0x000000000001e079       0xa5 ./Core/Src/Keypad4X4.o
 .debug_macro   0x000000000001e11e      0x16d ./Core/Src/Keypad4X4.o
 .debug_macro   0x000000000001e28b      0x287 ./Core/Src/Keypad4X4.o
 .debug_macro   0x000000000001e512       0x5f ./Core/Src/Keypad4X4.o
 .debug_macro   0x000000000001e571      0x236 ./Core/Src/Keypad4X4.o
 .debug_macro   0x000000000001e7a7      0x132 ./Core/Src/Keypad4X4.o
 .debug_macro   0x000000000001e8d9      0x29c ./Core/Src/Keypad4X4.o
 .debug_macro   0x000000000001eb75       0x2e ./Core/Src/Keypad4X4.o
 .debug_macro   0x000000000001eba3      0x1b5 ./Core/Src/Keypad4X4.o
 .debug_macro   0x000000000001ed58       0x22 ./Core/Src/Keypad4X4.o
 .debug_macro   0x000000000001ed7a       0xd6 ./Core/Src/Keypad4X4.o
 .debug_macro   0x000000000001ee50      0x127 ./Core/Src/Keypad4X4.o
 .debug_macro   0x000000000001ef77       0xe8 ./Core/Src/Keypad4X4.o
 .debug_macro   0x000000000001f05f       0x89 ./Core/Src/Keypad4X4.o
 .debug_macro   0x000000000001f0e8      0x8ed ./Core/Src/Keypad4X4.o
 .debug_macro   0x000000000001f9d5       0x53 ./Core/Src/Keypad4X4.o
 .debug_macro   0x000000000001fa28      0x2aa ./Core/Src/Keypad4X4.o
 .debug_macro   0x000000000001fcd2      0x126 ./Core/Src/Keypad4X4.o
 .debug_macro   0x000000000001fdf8       0x22 ./Core/Src/Keypad4X4.o
 .debug_macro   0x000000000001fe1a       0x2a ./Core/Src/Keypad4X4.o
 .debug_macro   0x000000000001fe44       0x61 ./Core/Src/Keypad4X4.o
 .debug_macro   0x000000000001fea5       0x43 ./Core/Src/Keypad4X4.o
 .debug_macro   0x000000000001fee8       0x34 ./Core/Src/Keypad4X4.o
 .debug_macro   0x000000000001ff1c       0x16 ./Core/Src/Keypad4X4.o
 .debug_macro   0x000000000001ff32       0x35 ./Core/Src/Keypad4X4.o
 .debug_macro   0x000000000001ff67       0x16 ./Core/Src/Keypad4X4.o
 .debug_macro   0x000000000001ff7d       0x43 ./Core/Src/Keypad4X4.o
 .debug_macro   0x000000000001ffc0       0x34 ./Core/Src/Keypad4X4.o
 .debug_macro   0x000000000001fff4       0x10 ./Core/Src/Keypad4X4.o
 .debug_macro   0x0000000000020004       0x58 ./Core/Src/Keypad4X4.o
 .debug_macro   0x000000000002005c       0x8e ./Core/Src/Keypad4X4.o
 .debug_macro   0x00000000000200ea       0x1c ./Core/Src/Keypad4X4.o
 .debug_macro   0x0000000000020106      0x177 ./Core/Src/Keypad4X4.o
 .debug_macro   0x000000000002027d      0x369 ./Core/Src/Keypad4X4.o
 .debug_macro   0x00000000000205e6       0x16 ./Core/Src/Keypad4X4.o
 .debug_macro   0x00000000000205fc       0x29 ./Core/Src/Keypad4X4.o
 .debug_macro   0x0000000000020625       0x6a ./Core/Src/Keypad4X4.o
 .debug_macro   0x000000000002068f      0x2bf ./Core/Src/fonts.o
 .debug_macro   0x000000000002094e       0x10 ./Core/Src/fonts.o
 .debug_macro   0x000000000002095e       0x20 ./Core/Src/fonts.o
 .debug_macro   0x000000000002097e      0x35a ./Core/Src/main.o
 .debug_macro   0x0000000000020cd8       0x64 ./Core/Src/main.o
 .debug_macro   0x0000000000020d3c       0x1c ./Core/Src/main.o
 .debug_macro   0x0000000000020d58       0x10 ./Core/Src/main.o
 .debug_macro   0x0000000000020d68       0x1c ./Core/Src/main.o
 .debug_macro   0x0000000000020d84       0x16 ./Core/Src/main.o
 .debug_macro   0x0000000000020d9a      0x147 ./Core/Src/main.o
 .debug_macro   0x0000000000020ee1       0x16 ./Core/Src/main.o
 .debug_macro   0x0000000000020ef7       0x1d ./Core/Src/main.o
 .debug_macro   0x0000000000020f14      0x34a ./Core/Src/ssd1306.o
 .debug_macro   0x000000000002125e      0x1f6 ./Core/Src/stm32f4xx_hal_msp.o
 .debug_macro   0x0000000000021454      0x1e7 ./Core/Src/stm32f4xx_hal_timebase_tim.o
 .debug_macro   0x000000000002163b      0x200 ./Core/Src/stm32f4xx_it.o
 .debug_macro   0x000000000002183b      0x1e7 ./Core/Src/system_stm32f4xx.o
 .debug_macro   0x0000000000021a22      0x247 ./Drivers/STM32F4xx_HAL_Driver/Src/stm32f4xx_hal.o
 .debug_macro   0x0000000000021c69      0x1e7 ./Drivers/STM32F4xx_HAL_Driver/Src/stm32f4xx_hal_cortex.o
 .debug_macro   0x0000000000021e50      0x1ed ./Drivers/STM32F4xx_HAL_Driver/Src/stm32f4xx_hal_gpio.o
 .debug_macro   0x000000000002203d      0x235 ./Drivers/STM32F4xx_HAL_Driver/Src/stm32f4xx_hal_i2c.o
 .debug_macro   0x0000000000022272      0x20b ./Drivers/STM32F4xx_HAL_Driver/Src/stm32f4xx_hal_rcc.o
 .debug_macro   0x000000000002247d      0x1e7 ./Drivers/STM32F4xx_HAL_Driver/Src/stm32f4xx_hal_rcc_ex.o
 .debug_macro   0x0000000000022664      0x1e8 ./Drivers/STM32F4xx_HAL_Driver/Src/stm32f4xx_hal_tim.o
 .debug_macro   0x000000000002284c      0x1e7 ./Drivers/STM32F4xx_HAL_Driver/Src/stm32f4xx_hal_tim_ex.o
 .debug_macro   0x0000000000022a33      0x1e8 ./Drivers/STM32F4xx_HAL_Driver/Src/stm32f4xx_hal_uart.o

.debug_line     0x0000000000000000    0x14c97
 .debug_line    0x0000000000000000      0xae1 ./Core/Src/Keypad4X4.o
 .debug_line    0x0000000000000ae1      0x8e9 ./Core/Src/fonts.o
 .debug_line    0x00000000000013ca      0xb2c ./Core/Src/main.o
 .debug_line    0x0000000000001ef6     0x10a2 ./Core/Src/ssd1306.o
 .debug_line    0x0000000000002f98      0x81c ./Core/Src/stm32f4xx_hal_msp.o
 .debug_line    0x00000000000037b4      0x7fb ./Core/Src/stm32f4xx_hal_timebase_tim.o
 .debug_line    0x0000000000003faf      0x855 ./Core/Src/stm32f4xx_it.o
 .debug_line    0x0000000000004804      0x801 ./Core/Src/system_stm32f4xx.o
 .debug_line    0x0000000000005005       0x7a ./Core/Startup/startup_stm32f446retx.o
 .debug_line    0x000000000000507f      0xa67 ./Drivers/STM32F4xx_HAL_Driver/Src/stm32f4xx_hal.o
 .debug_line    0x0000000000005ae6      0xd33 ./Drivers/STM32F4xx_HAL_Driver/Src/stm32f4xx_hal_cortex.o
 .debug_line    0x0000000000006819      0xbc7 ./Drivers/STM32F4xx_HAL_Driver/Src/stm32f4xx_hal_gpio.o
 .debug_line    0x00000000000073e0     0x3ac9 ./Drivers/STM32F4xx_HAL_Driver/Src/stm32f4xx_hal_i2c.o
 .debug_line    0x000000000000aea9      0xdec ./Drivers/STM32F4xx_HAL_Driver/Src/stm32f4xx_hal_rcc.o
 .debug_line    0x000000000000bc95     0x1488 ./Drivers/STM32F4xx_HAL_Driver/Src/stm32f4xx_hal_rcc_ex.o
 .debug_line    0x000000000000d11d     0x37f3 ./Drivers/STM32F4xx_HAL_Driver/Src/stm32f4xx_hal_tim.o
 .debug_line    0x0000000000010910     0x1a63 ./Drivers/STM32F4xx_HAL_Driver/Src/stm32f4xx_hal_tim_ex.o
 .debug_line    0x0000000000012373     0x2924 ./Drivers/STM32F4xx_HAL_Driver/Src/stm32f4xx_hal_uart.o

.debug_str      0x0000000000000000    0xd363e
 .debug_str     0x0000000000000000    0xce003 ./Core/Src/Keypad4X4.o
                                      0xce2a3 (size before relaxing)
 .debug_str     0x00000000000ce003      0x137 ./Core/Src/fonts.o
                                      0xce0b0 (size before relaxing)
 .debug_str     0x00000000000ce13a     0x13c7 ./Core/Src/main.o
                                      0xcf804 (size before relaxing)
 .debug_str     0x00000000000cf501      0x4e6 ./Core/Src/ssd1306.o
                                      0xcebf7 (size before relaxing)
 .debug_str     0x00000000000cf9e7       0xaa ./Core/Src/stm32f4xx_hal_msp.o
                                      0xcb8ea (size before relaxing)
 .debug_str     0x00000000000cfa91      0x63b ./Core/Src/stm32f4xx_hal_timebase_tim.o
                                      0xcbbc0 (size before relaxing)
 .debug_str     0x00000000000d00cc       0xe4 ./Core/Src/stm32f4xx_it.o
                                      0xcb5c8 (size before relaxing)
 .debug_str     0x00000000000d01b0       0xdb ./Core/Src/system_stm32f4xx.o
                                      0xcb088 (size before relaxing)
 .debug_str     0x00000000000d028b       0x34 ./Core/Startup/startup_stm32f446retx.o
                                         0x6e (size before relaxing)
 .debug_str     0x00000000000d02bf      0x5ac ./Drivers/STM32F4xx_HAL_Driver/Src/stm32f4xx_hal.o
                                      0xcbc4d (size before relaxing)
 .debug_str     0x00000000000d086b      0x34e ./Drivers/STM32F4xx_HAL_Driver/Src/stm32f4xx_hal_cortex.o
                                      0xcb972 (size before relaxing)
 .debug_str     0x00000000000d0bb9       0xfd ./Drivers/STM32F4xx_HAL_Driver/Src/stm32f4xx_hal_gpio.o
                                      0xcb203 (size before relaxing)
 .debug_str     0x00000000000d0cb6      0xb1a ./Drivers/STM32F4xx_HAL_Driver/Src/stm32f4xx_hal_i2c.o
                                      0xcc086 (size before relaxing)
 .debug_str     0x00000000000d17d0      0x1f2 ./Drivers/STM32F4xx_HAL_Driver/Src/stm32f4xx_hal_rcc.o
                                      0xcb4c1 (size before relaxing)
 .debug_str     0x00000000000d19c2      0x324 ./Drivers/STM32F4xx_HAL_Driver/Src/stm32f4xx_hal_rcc_ex.o
                                      0xcb4f4 (size before relaxing)
 .debug_str     0x00000000000d1ce6      0xe51 ./Drivers/STM32F4xx_HAL_Driver/Src/stm32f4xx_hal_tim.o
                                      0xcc3ed (size before relaxing)
 .debug_str     0x00000000000d2b37      0x503 ./Drivers/STM32F4xx_HAL_Driver/Src/stm32f4xx_hal_tim_ex.o
                                      0xcbbf9 (size before relaxing)
 .debug_str     0x00000000000d303a      0x604 ./Drivers/STM32F4xx_HAL_Driver/Src/stm32f4xx_hal_uart.o
                                      0xcba78 (size before relaxing)

.debug_frame    0x0000000000000000     0x4414
 .debug_frame   0x0000000000000000       0x38 ./Core/Src/Keypad4X4.o
 .debug_frame   0x0000000000000038       0x38 ./Core/Src/fonts.o
 .debug_frame   0x0000000000000070       0xec ./Core/Src/main.o
 .debug_frame   0x000000000000015c      0x414 ./Core/Src/ssd1306.o
 .debug_frame   0x0000000000000570       0xc4 ./Core/Src/stm32f4xx_hal_msp.o
 .debug_frame   0x0000000000000634       0x74 ./Core/Src/stm32f4xx_hal_timebase_tim.o
 .debug_frame   0x00000000000006a8      0x124 ./Core/Src/stm32f4xx_it.o
 .debug_frame   0x00000000000007cc       0x58 ./Core/Src/system_stm32f4xx.o
 .debug_frame   0x0000000000000824      0x374 ./Drivers/STM32F4xx_HAL_Driver/Src/stm32f4xx_hal.o
 .debug_frame   0x0000000000000b98      0x4b8 ./Drivers/STM32F4xx_HAL_Driver/Src/stm32f4xx_hal_cortex.o
 .debug_frame   0x0000000000001050      0x14c ./Drivers/STM32F4xx_HAL_Driver/Src/stm32f4xx_hal_gpio.o
 .debug_frame   0x000000000000119c      0xc84 ./Drivers/STM32F4xx_HAL_Driver/Src/stm32f4xx_hal_i2c.o
 .debug_frame   0x0000000000001e20      0x1f4 ./Drivers/STM32F4xx_HAL_Driver/Src/stm32f4xx_hal_rcc.o
 .debug_frame   0x0000000000002014      0x1e8 ./Drivers/STM32F4xx_HAL_Driver/Src/stm32f4xx_hal_rcc_ex.o
 .debug_frame   0x00000000000021fc     0x11c0 ./Drivers/STM32F4xx_HAL_Driver/Src/stm32f4xx_hal_tim.o
 .debug_frame   0x00000000000033bc      0x638 ./Drivers/STM32F4xx_HAL_Driver/Src/stm32f4xx_hal_tim_ex.o
 .debug_frame   0x00000000000039f4      0x954 ./Drivers/STM32F4xx_HAL_Driver/Src/stm32f4xx_hal_uart.o
 .debug_frame   0x0000000000004348       0x20 C:/ST/STM32CubeIDE_1.14.1/STM32CubeIDE/plugins/com.st.stm32cube.ide.mcu.externaltools.gnu-tools-for-stm32.11.3.rel1.win32_1.1.100.202309141235/tools/bin/../lib/gcc/arm-none-eabi/11.3.1/../../../../arm-none-eabi/lib/thumb/v7e-m+fp/hard\libc_nano.a(libc_a-memset.o)
 .debug_frame   0x0000000000004368       0x2c C:/ST/STM32CubeIDE_1.14.1/STM32CubeIDE/plugins/com.st.stm32cube.ide.mcu.externaltools.gnu-tools-for-stm32.11.3.rel1.win32_1.1.100.202309141235/tools/bin/../lib/gcc/arm-none-eabi/11.3.1/../../../../arm-none-eabi/lib/thumb/v7e-m+fp/hard\libc_nano.a(libc_a-init.o)
 .debug_frame   0x0000000000004394       0x20 C:/ST/STM32CubeIDE_1.14.1/STM32CubeIDE/plugins/com.st.stm32cube.ide.mcu.externaltools.gnu-tools-for-stm32.11.3.rel1.win32_1.1.100.202309141235/tools/bin/../lib/gcc/arm-none-eabi/11.3.1/../../../../arm-none-eabi/lib/thumb/v7e-m+fp/hard\libc_nano.a(libc_a-strcmp.o)
 .debug_frame   0x00000000000043b4       0x2c C:/ST/STM32CubeIDE_1.14.1/STM32CubeIDE/plugins/com.st.stm32cube.ide.mcu.externaltools.gnu-tools-for-stm32.11.3.rel1.win32_1.1.100.202309141235/tools/bin/../lib/gcc/arm-none-eabi/11.3.1/thumb/v7e-m+fp/hard\libgcc.a(_aeabi_uldivmod.o)
 .debug_frame   0x00000000000043e0       0x34 C:/ST/STM32CubeIDE_1.14.1/STM32CubeIDE/plugins/com.st.stm32cube.ide.mcu.externaltools.gnu-tools-for-stm32.11.3.rel1.win32_1.1.100.202309141235/tools/bin/../lib/gcc/arm-none-eabi/11.3.1/thumb/v7e-m+fp/hard\libgcc.a(_udivmoddi4.o)

.debug_line_str
                0x0000000000000000       0x62
 .debug_line_str
                0x0000000000000000       0x62 ./Core/Startup/startup_stm32f446retx.o
                                         0x7a (size before relaxing)
